// Jest Snapshot v1, https://goo.gl/fbAQLP

exports[`AreaChart should render AreaChart component 1`] = `ShallowWrapper {}`;
